// Jest Snapshot v1, https://goo.gl/fbAQLP

exports[`CLI Test Help Command Test When running avocat with help option Shows available options and commands 1`] = `
"Usage: avocat [command] [options]

🥑 Continuous contract testing for HTTP APIs

Options:
  -V, --Version           Avocat current version
  -h, --help              Show available commands/options

Commands:
  status
  import <contract_path>
  test [options]"
`;

exports[`CLI Test Import Command Test When running avocat with import command and a valid contract path Shows the message that a contract(name, version) was imported 1`] = `"🤝 Contract TEST_SAMPLE_CONTRACT imported for version 2.2.2, everything's fine."`;

exports[`CLI Test Import Command Test When running avocat with status command after a contract was imported Shows the message that a contract is pending 1`] = `
"👉 One contract is pending:
    * TEST_SAMPLE_CONTRACT, version 2.2.2"
`;

exports[`CLI Test Status Command Test When running avocat with status command and there is no pending changes Shows the message no pending changes 1`] = `"👌 Everything is up-to-date. No pending changes!"`;
